// Jest Snapshot v1, https://goo.gl/fbAQLP

exports[`Marquee Renders 1`] = `
.emotion-0 {
  background: linear-gradient(rgba(255,255,255,0),rgba(255,255,255,0)),url(https://picsum.photos/1200/500);
  background-size: cover;
  background-position: center center;
}

<div
  class="emotion-0 emotion-1"
  data-testid="component-content-marquee"
>
  <h2>
    Try our newest flavor â€” 
    <br />
    <em>
      banana by bananarama
    </em>
  </h2>
  <button>
    Get some
  </button>
</div>
`;
