// Jest Snapshot v1, https://goo.gl/fbAQLP

exports[`Video Component Test Renders in it's default state: Shows thumbnail and hides video 1`] = `
<div
  class="css-1rhxlv5 e1tz5mhe0"
  data-testid="component-video"
  style="max-width: 720px; margin: 0px auto;"
>
  <button
    class="video-toggle"
    data-testid="trigger-button"
  >
    <div
      class="toggle-bg"
    />
    <img
      class="thumbnail"
      data-testid="component-lazy-load-image"
      src="https://www.valuecoders.com/blog/wp-content/uploads/2016/08/react.png"
    />
    <div
      class="icon-wrapper"
    >
      <svg
        viewBox="0 0 512 512"
        xmlns="http://www.w3.org/2000/svg"
      >
        <path
          d="M256 504c137 0 248-111 248-248S393 8 256 8 8 119 8 256s111 248 248 248zM40 256c0-118.7 96.1-216 216-216 118.7 0 216 96.1 216 216 0 118.7-96.1 216-216 216-118.7 0-216-96.1-216-216zm331.7-18l-176-107c-15.8-8.8-35.7 2.5-35.7 21v208c0 18.4 19.8 29.8 35.7 21l176-101c16.4-9.1 16.4-32.8 0-42zM192 335.8V176.9c0-4.7 5.1-7.6 9.1-5.1l134.5 81.7c3.9 2.4 3.8 8.1-.1 10.3L201 341c-4 2.3-9-.6-9-5.2z"
        />
      </svg>
    </div>
  </button>
</div>
`;
